
> astrobooking@1.0.0 test
> playwright test


Running 13 tests using 2 workers

[1A[2K[1/13] [chromium] ÔÇ║ tests\rockets.spec.ts:33:7 ÔÇ║ Rockets API E2E Tests ÔÇ║ should retrieve all rockets and return 200
[1A[2K[2/13] [chromium] ÔÇ║ tests\rockets.spec.ts:8:7 ÔÇ║ Rockets API E2E Tests ÔÇ║ should create a new rocket with valid data and return 201
[1A[2K  1) [chromium] ÔÇ║ tests\rockets.spec.ts:8:7 ÔÇ║ Rockets API E2E Tests ÔÇ║ should create a new rocket with valid data and return 201 

    Error: [2mexpect([22m[31mreceived[39m[2m).[22mtoBe[2m([22m[32mexpected[39m[2m) // Object.is equality[22m

    Expected: [32m201[39m
    Received: [31m400[39m

      17 |     });
      18 |
    > 19 |     expect(response.status()).toBe(201);
         |                               ^
      20 |
      21 |     const body = await response.json();
      22 |     expect(body).toHaveProperty('id');
        at C:\Users\juli-\Astrobooking\tests\rockets.spec.ts:19:31

    Error Context: test-results\rockets-Rockets-API-E2E-Te-1e1ef-h-valid-data-and-return-201-chromium\error-context.md


[1A[2K  2) [chromium] ÔÇ║ tests\rockets.spec.ts:33:7 ÔÇ║ Rockets API E2E Tests ÔÇ║ should retrieve all rockets and return 200 

    Error: [2mexpect([22m[31mreceived[39m[2m).[22mtoBeGreaterThan[2m([22m[32mexpected[39m[2m)[22m

    Expected: > [32m0[39m
    Received:   [31m0[39m

      38 |     const body = await response.json();
      39 |     expect(Array.isArray(body)).toBe(true);
    > 40 |     expect(body.length).toBeGreaterThan(0);
         |                         ^
      41 |   });
      42 |
      43 |   // Test 3: Retrieve a specific rocket by ID (200 response)
        at C:\Users\juli-\Astrobooking\tests\rockets.spec.ts:40:25

    Error Context: test-results\rockets-Rockets-API-E2E-Te-dd8cf--all-rockets-and-return-200-chromium\error-context.md


[1A[2K[3/13] [chromium] ÔÇ║ tests\rockets.spec.ts:44:7 ÔÇ║ Rockets API E2E Tests ÔÇ║ should retrieve a specific rocket by ID and return 200
[1A[2K[4/13] [chromium] ÔÇ║ tests\rockets.spec.ts:72:7 ÔÇ║ Rockets API E2E Tests ÔÇ║ should update a rocket with valid data and return 200
[1A[2K  3) [chromium] ÔÇ║ tests\rockets.spec.ts:72:7 ÔÇ║ Rockets API E2E Tests ÔÇ║ should update a rocket with valid data and return 200 

    Error: [2mexpect([22m[31mreceived[39m[2m).[22mtoBe[2m([22m[32mexpected[39m[2m) // Object.is equality[22m

    Expected: [32m200[39m
    Received: [31m400[39m

       95 |     });
       96 |
    >  97 |     expect(response.status()).toBe(200);
          |                               ^
       98 |
       99 |     const body = await response.json();
      100 |     expect(body.id).toBe(rocketId);
        at C:\Users\juli-\Astrobooking\tests\rockets.spec.ts:97:31

    Error Context: test-results\rockets-Rockets-API-E2E-Te-8bbd3-h-valid-data-and-return-200-chromium\error-context.md


[1A[2K[5/13] [chromium] ÔÇ║ tests\rockets.spec.ts:106:7 ÔÇ║ Rockets API E2E Tests ÔÇ║ should delete a rocket and return 204
[1A[2K[6/13] [chromium] ÔÇ║ tests\rockets.spec.ts:152:7 ÔÇ║ Rockets API E2E Tests ÔÇ║ should return 400 for invalid range value
[1A[2K[7/13] [chromium] ÔÇ║ tests\rockets.spec.ts:172:7 ÔÇ║ Rockets API E2E Tests ÔÇ║ should return 404 for non-existent rocket ID
[1A[2K[8/13] [chromium] ÔÇ║ tests\rockets.spec.ts:179:7 ÔÇ║ Rockets API E2E Tests ÔÇ║ should handle duplicate rapid requests idempotently
[1A[2K[9/13] [chromium] ÔÇ║ tests\rockets.spec.ts:211:7 ÔÇ║ Rockets API E2E Tests ÔÇ║ should accept all valid range values
[1A[2K[10/13] [chromium] ÔÇ║ tests\rockets.spec.ts:232:7 ÔÇ║ Rockets API E2E Tests ÔÇ║ should accept valid capacity boundaries (1 and 10)
[1A[2K[11/13] [chromium] ÔÇ║ tests\smoke.spec.ts:6:7 ÔÇ║ Smoke Tests ÔÇ║ should return health status
[1A[2K[12/13] [chromium] ÔÇ║ tests\smoke.spec.ts:16:7 ÔÇ║ Smoke Tests ÔÇ║ should return valid ISO timestamp
[1A[2K[13/13] [chromium] ÔÇ║ tests\rockets.spec.ts:132:7 ÔÇ║ Rockets API E2E Tests ÔÇ║ should return 400 for capacity outside 1-10 range
[1A[2K  3 failed
    [chromium] ÔÇ║ tests\rockets.spec.ts:8:7 ÔÇ║ Rockets API E2E Tests ÔÇ║ should create a new rocket with valid data and return 201 
    [chromium] ÔÇ║ tests\rockets.spec.ts:33:7 ÔÇ║ Rockets API E2E Tests ÔÇ║ should retrieve all rockets and return 200 
    [chromium] ÔÇ║ tests\rockets.spec.ts:72:7 ÔÇ║ Rockets API E2E Tests ÔÇ║ should update a rocket with valid data and return 200 
  10 passed (8.8s)

[36m  Serving HTML report at http://localhost:49776. Press Ctrl+C to quit.[39m
